C51 COMPILER V8.02   README                                                                04/05/2006 02:24:58 PAGE 1   


C51 COMPILER V8.02, COMPILATION OF MODULE README
NO OBJECT MODULE REQUESTED
COMPILER INVOKED BY: C:\Keil\C51\BIN\C51.EXE README.C LARGE OPTIMIZE(9,SPEED) DEBUG OBJECTEXTEND

line level    source

*** WARNING C500 IN LINE 1 OF README.C: MISSING DEVICE (R012: DRIVER NOT INSTALLED)

   1          /****************************************************************************/
   2          /*                                                                          */
   3          /* This project exceedes the code size limits of the Evaluation Version     */
   4          /* and cannot be modified/retranslated with the Evaluation Version.         */
   5          /*                                                                          */
   6          /* However you can debug a pre-compiled version with the uVision2 Debugger. */
   7          /*                                                                          */
   8          /****************************************************************************/
   9          
  10          void main ()  {
  11   1        /* This is a dummy main routine */
  12   1        while (1)  {
  13   2          ;
  14   2        }
  15   1      }
  16          


MODULE INFORMATION:   STATIC OVERLAYABLE
   CODE SIZE        =      2    ----
   CONSTANT SIZE    =   ----    ----
   XDATA SIZE       =   ----    ----
   PDATA SIZE       =   ----    ----
   DATA SIZE        =   ----    ----
   IDATA SIZE       =   ----    ----
   BIT SIZE         =   ----    ----
END OF MODULE INFORMATION.


C51 COMPILATION COMPLETE.  1 WARNING(S),  0 ERROR(S)
